  [universe] Loaded 250 tickers across ['IN']
Fetching 250 tickers (12 yrs of history)...
  Cache: 250/250 served from disk
  Data: 250/250 ok, 0 failed []
Computing indicators...
Backtesting 2576 days [2016-01-01 to 2026-06-05]

[1m[94m====================================================================[0m
[1m[97m  MASTERMIND PRO -- BACKTEST  (IN_v6_trail3.0_stop4.5_pos30pct_dynamic)[0m
[1m[94m====================================================================[0m
  Period:  2016-01-01 to 2026-06-06
  Capital: 100,000  |  Slippage: 0.10%  Commission: 0.10%

  Final equity                   [97m  435,543.28[0m
  Total return                   [92m   +335.54%[0m
  CAGR                           [92m    +15.16%[0m
  Max drawdown                   [91m    -39.77%[0m
  Sharpe ratio                   [97m     0.896[0m
  Sortino ratio                  [97m     1.200[0m

  Total trades                   [97m       444[0m
  Win rate                       [97m      41.7%[0m
  Avg R-multiple                 [97m    +0.175R[0m
  Profit factor                  [97m     1.345[0m
  Ann. volatility                [97m     17.83%[0m

[1m[94m====================================================================[0m
[1m[97m  INDEX BENCHMARK COMPARISON[0m
[1m[94m====================================================================[0m
  Index              CAGR    MaxDD   Sharpe    Alpha
  --------------------------------------------------
  [96mNifty 50      [0m  [92m +11.12%[0m  [91m -38.44%[0m     0.745  [92m  +4.04%[0m

  [93mAlpha = Strategy CAGR minus Index CAGR (same period)[0m
  [93mNote: multi-market result mixes USD/EUR/INR vs single-currency indices[0m

[1m[94m====================================================================[0m
  [93mDISCLAIMER: This system is for RESEARCH and PAPER TRADING only. Output is NOT financial advice. Do NOT deploy live capital without independent validation, regulatory compliance review, and full risk disclosure. Past simulated performance does not guarantee future results.[0m
[1m[94m====================================================================[0m

