  [universe] Loaded 200 tickers across ['US']
Fetching 200 tickers (12 yrs of history)...
  Cache: 200/200 served from disk
  Data: 200/200 ok, 0 failed []
Computing indicators...
Backtesting 2621 days [2016-01-04 to 2026-06-05]

[1m[94m====================================================================[0m
[1m[97m  MASTERMIND PRO -- BACKTEST  (US_v6_trail3.0_stop4.0_pos30pct_dynamic)[0m
[1m[94m====================================================================[0m
  Period:  2016-01-01 to 2026-06-06
  Capital: 100,000  |  Slippage: 0.10%  Commission: 0.10%

  Final equity                   [97m  224,390.32[0m
  Total return                   [92m   +124.39%[0m
  CAGR                           [92m     +8.07%[0m
  Max drawdown                   [91m    -36.19%[0m
  Sharpe ratio                   [97m     0.590[0m
  Sortino ratio                  [97m     0.659[0m

  Total trades                   [97m       263[0m
  Win rate                       [97m      46.0%[0m
  Avg R-multiple                 [97m    +0.282R[0m
  Profit factor                  [97m     1.330[0m
  Ann. volatility                [97m     15.12%[0m

[1m[94m====================================================================[0m
[1m[97m  INDEX BENCHMARK COMPARISON[0m
[1m[94m====================================================================[0m
  Index              CAGR    MaxDD   Sharpe    Alpha
  --------------------------------------------------
  [96mS&P 500       [0m  [92m +13.29%[0m  [91m -33.92%[0m     0.786  [91m  -5.22%[0m

  [93mAlpha = Strategy CAGR minus Index CAGR (same period)[0m
  [93mNote: multi-market result mixes USD/EUR/INR vs single-currency indices[0m

[1m[94m====================================================================[0m
  [93mDISCLAIMER: This system is for RESEARCH and PAPER TRADING only. Output is NOT financial advice. Do NOT deploy live capital without independent validation, regulatory compliance review, and full risk disclosure. Past simulated performance does not guarantee future results.[0m
[1m[94m====================================================================[0m

